This is pdfTeX, Version 3.141592653-2.6-1.40.27 (TeX Live 2025/nixos.org) (preloaded format=pdflatex 1980.1.1)  8 SEP 2026 13:23
entering extended mode
 restricted \write18 enabled.
 %&-line parsing enabled.
**keywood.tex
(./keywood.tex
LaTeX2e <2025-06-01> patch level 1
L3 programming layer <2025-06-09>

(/nix/store/h0hlq01b40jshml14022qngxbanxkvqk-texlive-2025-env-texmfdist/tex/lat
ex/base/article.cls
Document Class: article 2025/01/22 v1.4n Standard LaTeX document class

(/nix/store/h0hlq01b40jshml14022qngxbanxkvqk-texlive-2025-env-texmfdist/tex/lat
ex/base/size11.clo
File: size11.clo 2025/01/22 v1.4n Standard LaTeX file (size option)
)
\c@part=\count275
\c@section=\count276
\c@subsection=\count277
\c@subsubsection=\count278
\c@paragraph=\count279
\c@subparagraph=\count280
\c@figure=\count281
\c@table=\count282
\abovecaptionskip=\skip49
\belowcaptionskip=\skip50
\bibindent=\dimen148
)
(/nix/store/h0hlq01b40jshml14022qngxbanxkvqk-texlive-2025-env-texmfdist/tex/lat
ex/geometry/geometry.sty
Package: geometry 2020/01/02 v5.9 Page Geometry

(/nix/store/h0hlq01b40jshml14022qngxbanxkvqk-texlive-2025-env-texmfdist/tex/lat
ex/graphics/keyval.sty
Package: keyval 2022/05/29 v1.15 key=value parser (DPC)
\KV@toks@=\toks17
)
(/nix/store/h0hlq01b40jshml14022qngxbanxkvqk-texlive-2025-env-texmfdist/tex/gen
eric/iftex/ifvtex.sty
Package: ifvtex 2019/10/25 v1.7 ifvtex legacy package. Use iftex instead.

(/nix/store/h0hlq01b40jshml14022qngxbanxkvqk-texlive-2025-env-texmfdist/tex/gen
eric/iftex/iftex.sty
Package: iftex 2024/12/12 v1.0g TeX engine tests
))
\Gm@cnth=\count283
\Gm@cntv=\count284
\c@Gm@tempcnt=\count285
\Gm@bindingoffset=\dimen149
\Gm@wd@mp=\dimen150
\Gm@odd@mp=\dimen151
\Gm@even@mp=\dimen152
\Gm@layoutwidth=\dimen153
\Gm@layoutheight=\dimen154
\Gm@layouthoffset=\dimen155
\Gm@layoutvoffset=\dimen156
\Gm@dimlist=\toks18
)
(/nix/store/h0hlq01b40jshml14022qngxbanxkvqk-texlive-2025-env-texmfdist/tex/lat
ex/psnfss/helvet.sty
Package: helvet 2020/03/25 PSNFSS-v9.3 (WaS) 
)
(/nix/store/h0hlq01b40jshml14022qngxbanxkvqk-texlive-2025-env-texmfdist/tex/lat
ex/titlesec/titlesec.sty
Package: titlesec 2025/01/04 v2.17 Sectioning titles
\ttl@box=\box53
\beforetitleunit=\skip51
\aftertitleunit=\skip52
\ttl@plus=\dimen157
\ttl@minus=\dimen158
\ttl@toksa=\toks19
\titlewidth=\dimen159
\titlewidthlast=\dimen160
\titlewidthfirst=\dimen161
)
(/nix/store/h0hlq01b40jshml14022qngxbanxkvqk-texlive-2025-env-texmfdist/tex/lat
ex/hyperref/hyperref.sty
Package: hyperref 2025-06-21 v7.01n Hypertext links for LaTeX

(/nix/store/h0hlq01b40jshml14022qngxbanxkvqk-texlive-2025-env-texmfdist/tex/lat
ex/kvsetkeys/kvsetkeys.sty
Package: kvsetkeys 2022-10-05 v1.19 Key value parser (HO)
)
(/nix/store/h0hlq01b40jshml14022qngxbanxkvqk-texlive-2025-env-texmfdist/tex/gen
eric/kvdefinekeys/kvdefinekeys.sty
Package: kvdefinekeys 2019-12-19 v1.6 Define keys (HO)
)
(/nix/store/h0hlq01b40jshml14022qngxbanxkvqk-texlive-2025-env-texmfdist/tex/gen
eric/pdfescape/pdfescape.sty
Package: pdfescape 2019/12/09 v1.15 Implements pdfTeX's escape features (HO)

(/nix/store/h0hlq01b40jshml14022qngxbanxkvqk-texlive-2025-env-texmfdist/tex/gen
eric/ltxcmds/ltxcmds.sty
Package: ltxcmds 2023-12-04 v1.26 LaTeX kernel commands for general use (HO)
)
(/nix/store/h0hlq01b40jshml14022qngxbanxkvqk-texlive-2025-env-texmfdist/tex/gen
eric/pdftexcmds/pdftexcmds.sty
Package: pdftexcmds 2020-06-27 v0.33 Utility functions of pdfTeX for LuaTeX (HO
)

(/nix/store/h0hlq01b40jshml14022qngxbanxkvqk-texlive-2025-env-texmfdist/tex/gen
eric/infwarerr/infwarerr.sty
Package: infwarerr 2019/12/03 v1.5 Providing info/warning/error messages (HO)
)
Package pdftexcmds Info: \pdf@primitive is available.
Package pdftexcmds Info: \pdf@ifprimitive is available.
Package pdftexcmds Info: \pdfdraftmode found.
))
(/nix/store/h0hlq01b40jshml14022qngxbanxkvqk-texlive-2025-env-texmfdist/tex/lat
ex/hycolor/hycolor.sty
Package: hycolor 2020-01-27 v1.10 Color options for hyperref/bookmark (HO)
)
(/nix/store/h0hlq01b40jshml14022qngxbanxkvqk-texlive-2025-env-texmfdist/tex/lat
ex/hyperref/nameref.sty
Package: nameref 2025-06-21 v2.57 Cross-referencing by name of section

(/nix/store/h0hlq01b40jshml14022qngxbanxkvqk-texlive-2025-env-texmfdist/tex/lat
ex/refcount/refcount.sty
Package: refcount 2019/12/15 v3.6 Data extraction from label references (HO)
)
(/nix/store/h0hlq01b40jshml14022qngxbanxkvqk-texlive-2025-env-texmfdist/tex/gen
eric/gettitlestring/gettitlestring.sty
Package: gettitlestring 2019/12/15 v1.6 Cleanup title references (HO)

(/nix/store/h0hlq01b40jshml14022qngxbanxkvqk-texlive-2025-env-texmfdist/tex/lat
ex/kvoptions/kvoptions.sty
Package: kvoptions 2022-06-15 v3.15 Key value format for package options (HO)
))
\c@section@level=\count286
)
(/nix/store/h0hlq01b40jshml14022qngxbanxkvqk-texlive-2025-env-texmfdist/tex/lat
ex/etoolbox/etoolbox.sty
Package: etoolbox 2025/02/11 v2.5l e-TeX tools for LaTeX (JAW)
\etb@tempcnta=\count287
)
(/nix/store/h0hlq01b40jshml14022qngxbanxkvqk-texlive-2025-env-texmfdist/tex/gen
eric/stringenc/stringenc.sty
Package: stringenc 2019/11/29 v1.12 Convert strings between diff. encodings (HO
)
)
\@linkdim=\dimen162
\Hy@linkcounter=\count288
\Hy@pagecounter=\count289

(/nix/store/h0hlq01b40jshml14022qngxbanxkvqk-texlive-2025-env-texmfdist/tex/lat
ex/hyperref/pd1enc.def
File: pd1enc.def 2025-06-21 v7.01n Hyperref: PDFDocEncoding definition (HO)
Now handling font encoding PD1 ...
... no UTF-8 mapping file for font encoding PD1
)
(/nix/store/h0hlq01b40jshml14022qngxbanxkvqk-texlive-2025-env-texmfdist/tex/gen
eric/intcalc/intcalc.sty
Package: intcalc 2019/12/15 v1.3 Expandable calculations with integers (HO)
)
\Hy@SavedSpaceFactor=\count290

(/nix/store/h0hlq01b40jshml14022qngxbanxkvqk-texlive-2025-env-texmfdist/tex/lat
ex/hyperref/puenc.def
File: puenc.def 2025-06-21 v7.01n Hyperref: PDF Unicode definition (HO)
Now handling font encoding PU ...
... no UTF-8 mapping file for font encoding PU
)
Package hyperref Info: Hyper figures OFF on input line 4181.
Package hyperref Info: Link nesting OFF on input line 4186.
Package hyperref Info: Hyper index ON on input line 4189.
Package hyperref Info: Plain pages OFF on input line 4196.
Package hyperref Info: Backreferencing OFF on input line 4201.
Package hyperref Info: Implicit mode ON; LaTeX internals redefined.
Package hyperref Info: Bookmarks ON on input line 4448.
\c@Hy@tempcnt=\count291

(/nix/store/h0hlq01b40jshml14022qngxbanxkvqk-texlive-2025-env-texmfdist/tex/lat
ex/url/url.sty
\Urlmuskip=\muskip17
Package: url 2013/09/16  ver 3.4  Verb mode for urls, etc.
)
LaTeX Info: Redefining \url on input line 4787.
\XeTeXLinkMargin=\dimen163

(/nix/store/h0hlq01b40jshml14022qngxbanxkvqk-texlive-2025-env-texmfdist/tex/gen
eric/bitset/bitset.sty
Package: bitset 2019/12/09 v1.3 Handle bit-vector datatype (HO)

(/nix/store/h0hlq01b40jshml14022qngxbanxkvqk-texlive-2025-env-texmfdist/tex/gen
eric/bigintcalc/bigintcalc.sty
Package: bigintcalc 2019/12/15 v1.5 Expandable calculations on big integers (HO
)
))
\Fld@menulength=\count292
\Field@Width=\dimen164
\Fld@charsize=\dimen165
Package hyperref Info: Hyper figures OFF on input line 6066.
Package hyperref Info: Link nesting OFF on input line 6071.
Package hyperref Info: Hyper index ON on input line 6074.
Package hyperref Info: backreferencing OFF on input line 6081.
Package hyperref Info: Link coloring OFF on input line 6086.
Package hyperref Info: Link coloring with OCG OFF on input line 6091.
Package hyperref Info: PDF/A mode OFF on input line 6096.
\Hy@abspage=\count293
\c@Item=\count294
\c@Hfootnote=\count295
)
Package hyperref Info: Driver (autodetected): hpdftex.

(/nix/store/h0hlq01b40jshml14022qngxbanxkvqk-texlive-2025-env-texmfdist/tex/lat
ex/hyperref/hpdftex.def
File: hpdftex.def 2025-06-21 v7.01n Hyperref driver for pdfTeX
\Fld@listcount=\count296
\c@bookmark@seq@number=\count297

(/nix/store/h0hlq01b40jshml14022qngxbanxkvqk-texlive-2025-env-texmfdist/tex/lat
ex/rerunfilecheck/rerunfilecheck.sty
Package: rerunfilecheck 2025-06-21 v1.11 Rerun checks for auxiliary files (HO)

(/nix/store/h0hlq01b40jshml14022qngxbanxkvqk-texlive-2025-env-texmfdist/tex/gen
eric/uniquecounter/uniquecounter.sty
Package: uniquecounter 2019/12/15 v1.4 Provide unlimited unique counter (HO)
)
Package uniquecounter Info: New unique counter `rerunfilecheck' on input line 2
84.
)
\Hy@SectionHShift=\skip53
)
(/nix/store/h0hlq01b40jshml14022qngxbanxkvqk-texlive-2025-env-texmfdist/tex/lat
ex/graphics/graphicx.sty
Package: graphicx 2024/12/31 v1.2e Enhanced LaTeX Graphics (DPC,SPQR)

(/nix/store/h0hlq01b40jshml14022qngxbanxkvqk-texlive-2025-env-texmfdist/tex/lat
ex/graphics/graphics.sty
Package: graphics 2024/08/06 v1.4g Standard LaTeX Graphics (DPC,SPQR)

(/nix/store/h0hlq01b40jshml14022qngxbanxkvqk-texlive-2025-env-texmfdist/tex/lat
ex/graphics/trig.sty
Package: trig 2023/12/02 v1.11 sin cos tan (DPC)
)
(/nix/store/h0hlq01b40jshml14022qngxbanxkvqk-texlive-2025-env-texmfdist/tex/lat
ex/graphics-cfg/graphics.cfg
File: graphics.cfg 2016/06/04 v1.11 sample graphics configuration
)
Package graphics Info: Driver file: pdftex.def on input line 106.

(/nix/store/h0hlq01b40jshml14022qngxbanxkvqk-texlive-2025-env-texmfdist/tex/lat
ex/graphics-def/pdftex.def
File: pdftex.def 2024/04/13 v1.2c Graphics/color driver for pdftex
))
\Gin@req@height=\dimen166
\Gin@req@width=\dimen167
)
(/nix/store/h0hlq01b40jshml14022qngxbanxkvqk-texlive-2025-env-texmfdist/tex/lat
ex/multirow/multirow.sty
Package: multirow 2024/11/12 v2.9 Span multiple rows of a table
\multirow@colwidth=\skip54
\multirow@cntb=\count298
\multirow@dima=\skip55
\bigstrutjot=\dimen168
)
(/nix/store/h0hlq01b40jshml14022qngxbanxkvqk-texlive-2025-env-texmfdist/tex/lat
ex/fontawesome5/fontawesome5.sty
(/nix/store/h0hlq01b40jshml14022qngxbanxkvqk-texlive-2025-env-texmfdist/tex/lat
ex/l3kernel/expl3.sty
Package: expl3 2025-06-09 L3 programming layer (loader) 

(/nix/store/h0hlq01b40jshml14022qngxbanxkvqk-texlive-2025-env-texmfdist/tex/lat
ex/l3backend/l3backend-pdftex.def
File: l3backend-pdftex.def 2025-06-09 L3 backend support: PDF output (pdfTeX)
\l__color_backend_stack_int=\count299
))
Package: fontawesome5 2022/05/02 v5.15.4 Font Awesome 5

(/nix/store/h0hlq01b40jshml14022qngxbanxkvqk-texlive-2025-env-texmfdist/tex/lat
ex/l3packages/l3keys2e/l3keys2e.sty
Package: l3keys2e 2024-08-16 LaTeX2e option processing using LaTeX3 keys
)
(/nix/store/h0hlq01b40jshml14022qngxbanxkvqk-texlive-2025-env-texmfdist/tex/lat
ex/l3packages/xparse/xparse.sty
Package: xparse 2024-08-16 L3 Experimental document command parser
)
(/nix/store/h0hlq01b40jshml14022qngxbanxkvqk-texlive-2025-env-texmfdist/tex/lat
ex/fontawesome5/fontawesome5-generic-helper.sty
Package: fontawesome5-generic-helper 2022/05/02 v5.15.4 non-uTeX helper for fon
tawesome5

(/nix/store/h0hlq01b40jshml14022qngxbanxkvqk-texlive-2025-env-texmfdist/tex/lat
ex/fontawesome5/fontawesome5-mapping.def)))
(/nix/store/h0hlq01b40jshml14022qngxbanxkvqk-texlive-2025-env-texmfdist/tex/lat
ex/xcolor/xcolor.sty
Package: xcolor 2024/09/29 v3.02 LaTeX color extensions (UK)

(/nix/store/h0hlq01b40jshml14022qngxbanxkvqk-texlive-2025-env-texmfdist/tex/lat
ex/graphics-cfg/color.cfg
File: color.cfg 2016/01/02 v1.6 sample color configuration
)
Package xcolor Info: Driver file: pdftex.def on input line 274.

(/nix/store/h0hlq01b40jshml14022qngxbanxkvqk-texlive-2025-env-texmfdist/tex/lat
ex/graphics/mathcolor.ltx)
Package xcolor Info: Model `cmy' substituted by `cmy0' on input line 1349.
Package xcolor Info: Model `hsb' substituted by `rgb' on input line 1353.
Package xcolor Info: Model `RGB' extended on input line 1365.
Package xcolor Info: Model `HTML' substituted by `rgb' on input line 1367.
Package xcolor Info: Model `Hsb' substituted by `hsb' on input line 1368.
Package xcolor Info: Model `tHsb' substituted by `hsb' on input line 1369.
Package xcolor Info: Model `HSB' substituted by `hsb' on input line 1370.
Package xcolor Info: Model `Gray' substituted by `gray' on input line 1371.
Package xcolor Info: Model `wave' substituted by `hsb' on input line 1372.
)
(/nix/store/h0hlq01b40jshml14022qngxbanxkvqk-texlive-2025-env-texmfdist/tex/lat
ex/graphics/dvipsnam.def
File: dvipsnam.def 2016/06/17 v3.0m Driver-dependent file (DPC,SPQR)
)
(/nix/store/h0hlq01b40jshml14022qngxbanxkvqk-texlive-2025-env-texmfdist/tex/lat
ex/base/fontenc.sty
Package: fontenc 2024/12/21 v2.1c Standard LaTeX package
)
(/nix/store/h0hlq01b40jshml14022qngxbanxkvqk-texlive-2025-env-texmfdist/tex/lat
ex/base/inputenc.sty
Package: inputenc 2024/02/08 v1.3d Input encoding file
\inpenc@prehook=\toks20
\inpenc@posthook=\toks21
)
(/nix/store/h0hlq01b40jshml14022qngxbanxkvqk-texlive-2025-env-texmfdist/tex/lat
ex/hyphenat/hyphenat.sty
Package: hyphenat 2009/09/02 v2.3c hyphenation utilities
\langwohyphens=\language90
LaTeX Info: Redefining \_ on input line 43.
)
Package hyperref Info: Option `colorlinks' set `true' on input line 19.
 (./keywood.aux)
\openout1 = `keywood.aux'.

LaTeX Font Info:    Checking defaults for OML/cmm/m/it on input line 24.
LaTeX Font Info:    ... okay on input line 24.
LaTeX Font Info:    Checking defaults for OMS/cmsy/m/n on input line 24.
LaTeX Font Info:    ... okay on input line 24.
LaTeX Font Info:    Checking defaults for OT1/cmr/m/n on input line 24.
LaTeX Font Info:    ... okay on input line 24.
LaTeX Font Info:    Checking defaults for T1/cmr/m/n on input line 24.
LaTeX Font Info:    ... okay on input line 24.
LaTeX Font Info:    Checking defaults for TS1/cmr/m/n on input line 24.
LaTeX Font Info:    ... okay on input line 24.
LaTeX Font Info:    Checking defaults for OMX/cmex/m/n on input line 24.
LaTeX Font Info:    ... okay on input line 24.
LaTeX Font Info:    Checking defaults for U/cmr/m/n on input line 24.
LaTeX Font Info:    ... okay on input line 24.
LaTeX Font Info:    Checking defaults for PD1/pdf/m/n on input line 24.
LaTeX Font Info:    ... okay on input line 24.
LaTeX Font Info:    Checking defaults for PU/pdf/m/n on input line 24.
LaTeX Font Info:    ... okay on input line 24.

*geometry* driver: auto-detecting
*geometry* detected driver: pdftex
*geometry* verbose mode - [ preamble ] result:
* driver: pdftex
* paper: a4paper
* layout: <same size as paper>
* layoutoffset:(h,v)=(0.0pt,0.0pt)
* modes: 
* h-part:(L,W,R)=(21.68121pt, 554.14545pt, 21.68121pt)
* v-part:(T,H,B)=(21.68121pt, 801.68442pt, 21.68121pt)
* \paperwidth=597.50787pt
* \paperheight=845.04684pt
* \textwidth=554.14545pt
* \textheight=801.68442pt
* \oddsidemargin=-50.58878pt
* \evensidemargin=-50.58878pt
* \topmargin=-87.58878pt
* \headheight=12.0pt
* \headsep=25.0pt
* \topskip=11.0pt
* \footskip=30.0pt
* \marginparwidth=50.0pt
* \marginparsep=10.0pt
* \columnsep=10.0pt
* \skip\footins=10.0pt plus 4.0pt minus 2.0pt
* \hoffset=0.0pt
* \voffset=0.0pt
* \mag=1000
* \@twocolumnfalse
* \@twosidefalse
* \@mparswitchfalse
* \@reversemarginfalse
* (1in=72.27pt=25.4mm, 1cm=28.453pt)

Package hyperref Info: Link coloring ON on input line 24.
(./keywood.out) (./keywood.out)
\@outlinefile=\write3
\openout3 = `keywood.out'.


(/nix/store/h0hlq01b40jshml14022qngxbanxkvqk-texlive-2025-env-texmfdist/tex/con
text/base/mkii/supp-pdf.mkii
[Loading MPS to PDF converter (version 2006.09.02).]
\scratchcounter=\count300
\scratchdimen=\dimen169
\scratchbox=\box54
\nofMPsegments=\count301
\nofMParguments=\count302
\everyMPshowfont=\toks22
\MPscratchCnt=\count303
\MPscratchDim=\dimen170
\MPnumerator=\count304
\makeMPintoPDFobject=\count305
\everyMPtoPDFconversion=\toks23
)
(/nix/store/h0hlq01b40jshml14022qngxbanxkvqk-texlive-2025-env-texmfdist/tex/lat
ex/epstopdf-pkg/epstopdf-base.sty
Package: epstopdf-base 2020-01-24 v2.11 Base part for package epstopdf

(/nix/store/h0hlq01b40jshml14022qngxbanxkvqk-texlive-2025-env-texmfdist/tex/lat
ex/grfext/grfext.sty
Package: grfext 2019/12/03 v1.3 Manage graphics extensions (HO)
)
Package epstopdf-base Info: Redefining graphics rule for `.eps' on input line 4
85.
Package grfext Info: Graphics extension search list:
(grfext)             [.pdf,.png,.jpg,.mps,.jpeg,.jbig2,.jb2,.PDF,.PNG,.JPG,.JPE
G,.JBIG2,.JB2,.eps]
(grfext)             \AppendGraphicsExtensions on input line 504.

(/nix/store/h0hlq01b40jshml14022qngxbanxkvqk-texlive-2025-env-texmfdist/tex/lat
ex/latexconfig/epstopdf-sys.cfg
File: epstopdf-sys.cfg 2010/07/13 v1.3 Configuration of (r)epstopdf for TeX Liv
e
))
LaTeX Font Info:    External font `cmex10' loaded for size
(Font)              <10.95> on input line 26.
LaTeX Font Info:    External font `cmex10' loaded for size
(Font)              <8> on input line 26.
LaTeX Font Info:    External font `cmex10' loaded for size
(Font)              <6> on input line 26.

Overfull \vbox (2.80002pt too high) detected at line 27
 []

LaTeX Font Info:    Trying to load font information for U+fontawesomefree2 on i
nput line 27.

(/nix/store/h0hlq01b40jshml14022qngxbanxkvqk-texlive-2025-env-texmfdist/tex/lat
ex/fontawesome5/ufontawesomefree2.fd)
LaTeX Font Info:    Trying to load font information for U+fontawesomebrands0 on
 input line 27.

(/nix/store/h0hlq01b40jshml14022qngxbanxkvqk-texlive-2025-env-texmfdist/tex/lat
ex/fontawesome5/ufontawesomebrands0.fd)
LaTeX Font Info:    Font shape `U/fontawesomebrands0/solid/n' in size <10.95> n
ot available
(Font)              Font shape `U/fontawesomebrands0/regular/n' tried instead o
n input line 27.
LaTeX Font Info:    Trying to load font information for U+fontawesomefree1 on i
nput line 28.

(/nix/store/h0hlq01b40jshml14022qngxbanxkvqk-texlive-2025-env-texmfdist/tex/lat
ex/fontawesome5/ufontawesomefree1.fd)
Overfull \hbox (9.43248pt too wide) in paragraph at lines 28--28
[]\U/fontawesomebrands0/regular/n/10.95 ï [][]\T1/cmr/m/n/10.95 linkedin.com/in
/jameskeywood[][]| 
 []


Overfull \hbox (0.1827pt too wide) in paragraph at lines 36--48
[] 
 []

<./images/nomura.png, id=21, 1549.79pt x 1146.2825pt>
File: ./images/nomura.png Graphic file (type png)
<use ./images/nomura.png>
Package pdftex.def Info: ./images/nomura.png  used on input line 51.
(pdftex.def)             Requested size: 17.07182pt x 12.61089pt.

Overfull \hbox (0.74pt too wide) in paragraph at lines 51--51
[]|[]|  
 []

<./images/wimbledon.png, id=23, 317.185pt x 317.185pt>
File: ./images/wimbledon.png Graphic file (type png)
<use ./images/wimbledon.png>
Package pdftex.def Info: ./images/wimbledon.png  used on input line 59.
(pdftex.def)             Requested size: 17.07182pt x 17.07013pt.

Overfull \hbox (0.74pt too wide) in paragraph at lines 59--59
[]|[]|  
 []

<./images/theitstore.jpg, id=26, 447.6725pt x 447.6725pt>
File: ./images/theitstore.jpg Graphic file (type jpg)
<use ./images/theitstore.jpg>
Package pdftex.def Info: ./images/theitstore.jpg  used on input line 62.
(pdftex.def)             Requested size: 17.07182pt x 17.07047pt.

Overfull \hbox (0.74pt too wide) in paragraph at lines 62--62
[]|[]|  
 []

<./images/goldclipper.png, id=28, 97.8054pt x 112.9821pt>
File: ./images/goldclipper.png Graphic file (type png)
<use ./images/goldclipper.png>
Package pdftex.def Info: ./images/goldclipper.png  used on input line 65.
(pdftex.def)             Requested size: 17.07182pt x 19.72043pt.

Overfull \hbox (0.74pt too wide) in paragraph at lines 65--65
[]|[]|  
 []


Overfull \hbox (683.85176pt too wide) in paragraph at lines 50--69
[] 
 []


Overfull \hbox (653.70654pt too wide) in paragraph at lines 71--85
[] 
 []



[1

{/nix/store/6i7mj0hkffgy88bbgii5ffnqfv3awb29-texlive-2025-env/share/texmf-var/f
onts/map/pdftex/updmap/pdftex.map}{/nix/store/h0hlq01b40jshml14022qngxbanxkvqk-
texlive-2025-env-texmfdist/fonts/enc/dvips/cm-super/cm-super-t1.enc}{/nix/store
/h0hlq01b40jshml14022qngxbanxkvqk-texlive-2025-env-texmfdist/fonts/enc/dvips/fo
ntawesome5/fa5free2.enc}{/nix/store/h0hlq01b40jshml14022qngxbanxkvqk-texlive-20
25-env-texmfdist/fonts/enc/dvips/fontawesome5/fa5brands0.enc}{/nix/store/h0hlq0
1b40jshml14022qngxbanxkvqk-texlive-2025-env-texmfdist/fonts/enc/dvips/fontaweso
me5/fa5free1.enc} <./images/nomura.png> <./images/wimbledon.png> <./images/thei
tstore.jpg> <./images/goldclipper.png>] (./keywood.aux)
 ***********
LaTeX2e <2025-06-01> patch level 1
L3 programming layer <2025-06-09>
 ***********
Package rerunfilecheck Info: File `keywood.out' has not changed.
(rerunfilecheck)             Checksum: A11F37D525FEA76C44E53EE179C7A1B4;264.
 ) 
Here is how much of TeX's memory you used:
 13333 strings out of 467890
 232899 string characters out of 5410143
 649067 words of memory out of 5000000
 41735 multiletter control sequences out of 15000+600000
 635831 words of font info for 59 fonts, out of 8000000 for 9000
 1141 hyphenation exceptions out of 8191
 75i,12n,79p,328b,442s stack positions out of 10000i,1000n,20000p,200000b,200000s
</nix/store/h0hlq01b40jshml14022qngxbanxkvqk-texlive-2025-env-texmfdist/fonts
/type1/public/fontawesome5/FontAwesome5Brands-Regular.pfb></nix/store/h0hlq01b4
0jshml14022qngxbanxkvqk-texlive-2025-env-texmfdist/fonts/type1/public/fontaweso
me5/FontAwesome5Free-Solid.pfb></nix/store/h0hlq01b40jshml14022qngxbanxkvqk-tex
live-2025-env-texmfdist/fonts/type1/public/cm-super/sfbx1095.pfb></nix/store/h0
hlq01b40jshml14022qngxbanxkvqk-texlive-2025-env-texmfdist/fonts/type1/public/cm
-super/sfbx1440.pfb></nix/store/h0hlq01b40jshml14022qngxbanxkvqk-texlive-2025-e
nv-texmfdist/fonts/type1/public/cm-super/sfbx2488.pfb></nix/store/h0hlq01b40jsh
ml14022qngxbanxkvqk-texlive-2025-env-texmfdist/fonts/type1/public/cm-super/sfrm
1095.pfb></nix/store/h0hlq01b40jshml14022qngxbanxkvqk-texlive-2025-env-texmfdis
t/fonts/type1/public/cm-super/sfti1095.pfb>
Output written on keywood.pdf (1 page, 270086 bytes).
PDF statistics:
 89 PDF objects out of 1000 (max. 8388607)
 63 compressed objects within 1 object stream
 5 named destinations out of 1000 (max. 500000)
 45 words of extra memory for PDF output out of 10000 (max. 10000000)

